// Jest Snapshot v1, https://goo.gl/fbAQLP

exports[`should render ExpenseList with empty message 1`] = `
<div
  className="content-container"
>
  <div
    className="list__header"
  >
    <div
      className="only-mobile"
    >
      Expenses
    </div>
    <div
      className="only-desktop"
    >
      Expense
    </div>
    <div
      className="only-desktop"
    >
      Amount
    </div>
  </div>
  <div
    className="list__body"
  >
    <div
      className="list__item list__item-message"
    >
      <span>
        No expenses
      </span>
    </div>
  </div>
</div>
`;

exports[`should render ExpenseList with expenses 1`] = `
<div
  className="content-container"
>
  <div
    className="list__header"
  >
    <div
      className="only-mobile"
    >
      Expenses
    </div>
    <div
      className="only-desktop"
    >
      Expense
    </div>
    <div
      className="only-desktop"
    >
      Amount
    </div>
  </div>
  <div
    className="list__body"
  >
    <div>
      <h1>
        Expense List
      </h1>
      <ExpenseListItem
        amount={195}
        createdAt={0}
        description="gum"
        id="1"
        key="1"
        note=""
      />
      <ExpenseListItem
        amount={19500}
        createdAt={-345600000}
        description="rent"
        id="2"
        key="2"
        note=""
      />
      <ExpenseListItem
        amount={4500}
        createdAt={345600000}
        description="credit card"
        id="3"
        key="3"
        note=""
      />
    </div>
  </div>
</div>
`;
